// Vitest Snapshot v1, https://vitest.dev/guide/snapshot.html

exports[`TestingDashboard > Component Snapshots > matches snapshot for initial state 1`] = `
<div
  style="padding: 2rem; max-width: 1200px; margin: 0px auto;"
>
  <div
    style="text-align: center; margin-bottom: 2rem;"
  >
    <h1
      style="color: rgb(42, 42, 114);"
    >
      ðŸ§ª Smart Contract Testing Dashboard
    </h1>
    <p
      style="color: rgb(102, 102, 102); font-size: 1.1rem;"
    >
      Test contribution limits without triggering wallet extensions
    </p>
    <div
      style="background: rgb(227, 242, 253); padding: 1rem; border-radius: 8px; margin: 1rem 0px; border: 1px solid rgb(187, 222, 251);"
    >
      <strong>
        Testing Mode Active:
      </strong>
       No wallet extensions will be triggered. All transactions are simulated.
    </div>
  </div>
  <div
    style="display: grid; grid-template-columns: 1fr 1fr; gap: 2rem;"
  >
    <div>
      <h2
        style="margin-bottom: 1rem;"
      >
        Smart Contract Test
      </h2>
      <div
        style="background: rgb(248, 249, 250); padding: 1rem; border-radius: 8px; margin-bottom: 1rem;"
      >
        <h3>
          Smart Contract Requirements:
        </h3>
        <ul>
          <li>
            <strong>
              FEC Individual Limit:
            </strong>
             $3,300 per election (cumulative)
          </li>
          <li>
            <strong>
              Minimum:
            </strong>
             $1
          </li>
          <li>
            <strong>
              Complete Info:
            </strong>
             All fields required
          </li>
          <li>
            <strong>
              Compliance:
            </strong>
             FEC acknowledgment checkbox must be signed
          </li>
          <li>
            <strong>
              KYC:
            </strong>
             Requirements (to be added later)
          </li>
        </ul>
      </div>
      <div
        style="display: grid; gap: 1rem; margin-bottom: 1rem;"
      >
        <div>
          <label
            style="display: block; margin-bottom: 0.5rem; font-weight: bold;"
          >
            Contribution Amount *
          </label>
          <input
            min="0"
            placeholder="Enter amount to test"
            step="0.01"
            style="width: 100%; padding: 0.75rem; border: 1px solid rgb(204, 204, 204); border-radius: 4px;"
            type="number"
            value=""
          />
        </div>
        <div>
          <label
            style="display: block; margin-bottom: 0.5rem; font-weight: bold;"
          >
            Wallet Address *
          </label>
          <input
            placeholder="Enter wallet address"
            style="width: 100%; padding: 0.75rem; border: 1px solid rgb(204, 204, 204); border-radius: 4px;"
            type="text"
            value=""
          />
        </div>
        <div
          style="display: grid; grid-template-columns: 1fr 1fr; gap: 1rem;"
        >
          <div>
            <label
              style="display: block; margin-bottom: 0.5rem; font-weight: bold;"
            >
              First Name *
            </label>
            <input
              placeholder="First name"
              style="width: 100%; padding: 0.75rem; border: 1px solid rgb(204, 204, 204); border-radius: 4px;"
              type="text"
              value=""
            />
          </div>
          <div>
            <label
              style="display: block; margin-bottom: 0.5rem; font-weight: bold;"
            >
              Last Name *
            </label>
            <input
              placeholder="Last name"
              style="width: 100%; padding: 0.75rem; border: 1px solid rgb(204, 204, 204); border-radius: 4px;"
              type="text"
              value=""
            />
          </div>
        </div>
        <div>
          <label
            style="display: block; margin-bottom: 0.5rem; font-weight: bold;"
          >
            Email *
          </label>
          <input
            placeholder="Email address"
            style="width: 100%; padding: 0.75rem; border: 1px solid rgb(204, 204, 204); border-radius: 4px;"
            type="email"
            value=""
          />
        </div>
      </div>
      <div
        style="background: rgb(240, 248, 255); padding: 1rem; border-radius: 4px; margin-bottom: 1rem; font-size: 0.9rem;"
      >
        <label
          style="display: flex; align-items: flex-start; gap: 0.5rem;"
        >
          <input
            style="margin-top: 0.25rem;"
            type="checkbox"
          />
          <span>
            I certify that I am a U.S. citizen or lawfully admitted permanent resident, this contribution is made from my own funds, I am not a federal contractor, and I am at least 18 years old.
          </span>
        </label>
      </div>
      <button
        style="width: 100%; padding: 1rem; background: rgb(111, 66, 193); color: white; border-radius: 8px; font-size: 1.1rem; cursor: pointer;"
      >
        ðŸ§ª Test Smart Contract Limits
      </button>
    </div>
    <div>
      <h2
        style="margin-bottom: 1rem;"
      >
        Test Results
      </h2>
      <div
        style="display: grid; gap: 1rem; max-height: 600px; overflow-y: auto;"
      >
        <div
          style="background: rgb(248, 249, 250); padding: 2rem; text-align: center; border-radius: 8px; color: rgb(102, 102, 102);"
        >
          No tests run yet. Fill in the form and click "Test Smart Contract Limits" to test your data.
        </div>
      </div>
    </div>
  </div>
</div>
`;
